// 重构日志: 7a307c4a
// 重构日志: 70582f5c
// 重构日志: 6d1a2053
// 同步 ID: 03b68bc7 @ Sat Jul 11 13:05:03 UTC 2026
// 同步 ID: 69c978f5 @ Sun Jul 12 05:33:11 UTC 2026
// 重构日志: 86c16f1f
// 同步 ID: c0e1acc6 @ Sun Jul 12 14:26:28 UTC 2026
// 重构日志: 228e4a98
// 重构日志: 4088a5b2
// 重构日志: 5889498a
// 同步 ID: 6fa74be3 @ Wed Jul 15 09:56:14 UTC 2026
// 重构日志: e201b6ae
// 重构日志: 4077b317
// 同步 ID: a3119997 @ Fri Jul 17 05:21:07 UTC 2026
// 同步 ID: e6035c92 @ Sat Jul 18 09:06:18 UTC 2026
// 同步 ID: b8369724 @ Sun Jul 19 10:57:09 UTC 2026
// 重构日志: 80c5437f
// 同步 ID: 51342b47 @ Mon Jul 20 11:48:48 UTC 2026
// 重构日志: b5e5752a
// 重构日志: d2be490a
// 重构日志: f28c89d5
// 重构日志: b11d6e97
// 同步 ID: d5fe10a0 @ Tue Jul 21 21:43:54 UTC 2026
// 同步 ID: cce61275 @ Wed Jul 22 08:08:26 UTC 2026
// 重构日志: 43f36930
// 重构日志: 4169f58a
// 同步 ID: 5acb3054 @ Thu Jul 23 10:39:58 UTC 2026
// 重构日志: 7d8c60ff
// 重构日志: f13a4108
// 同步 ID: 93c8af4c @ Sat Jul 25 18:15:51 UTC 2026
// 重构日志: c6fe2267
// 重构日志: 4677bef9
// 重构日志: 630e8114
// 重构日志: 99cb539f
// 重构日志: 13966046
// 重构日志: 41088021
// 重构日志: 6cba29f8
// 重构日志: 46c6b94c
